\BOOKMARK [1][-]{section.1}{\376\377\220\011\230\230\200\314\146\157\124\214\141\017\116\111}{}% 1
\BOOKMARK [2][-]{subsection.1.1}{\376\377\210\114\116\032\200\314\146\157\116\016\170\024\172\166\122\250\147\072}{section.1}% 2
\BOOKMARK [2][-]{subsection.1.2}{\376\377\170\024\172\166\141\017\116\111}{section.1}% 3
\BOOKMARK [2][-]{subsection.1.3}{\376\377\170\024\172\166\166\356\150\007\116\016\145\271\124\021}{section.1}% 4
\BOOKMARK [1][-]{section.2}{\376\377\166\370\121\163\145\271\154\325}{}% 5
\BOOKMARK [2][-]{subsection.2.1}{\376\377\143\242\175\042\140\047\145\160\143\156\122\006\147\220\145\271\154\325}{section.2}% 6
\BOOKMARK [2][-]{subsection.2.2}{\376\377\145\160\143\156\123\357\211\306\123\026\142\200\147\057}{section.2}% 7
\BOOKMARK [2][-]{subsection.2.3}{\376\377\123\357\211\306\122\006\147\220\142\200\147\057\116\016\145\271\154\325\220\011\142\351\117\235\143\156}{section.2}% 8
\BOOKMARK [1][-]{section.3}{\376\377\121\167\117\123\145\271\154\325\116\313\176\315}{}% 9
\BOOKMARK [2][-]{subsection.3.1}{\376\377\145\160\143\156\147\145\156\220\116\016\230\171\166\356\133\236\163\260\163\257\130\203}{section.3}% 10
\BOOKMARK [3][-]{subsubsection.3.1.1}{\376\377\145\160\143\156\147\145\156\220}{subsection.3.1}% 11
\BOOKMARK [3][-]{subsubsection.3.1.2}{\376\377\174\373\176\337\133\236\163\260\163\257\130\203}{subsection.3.1}% 12
\BOOKMARK [2][-]{subsection.3.2}{\376\377\145\160\143\156\230\204\131\004\164\006\145\271\154\325}{section.3}% 13
\BOOKMARK [3][-]{subsubsection.3.2.1}{\376\377\122\027\124\015\211\304\203\003\123\026\116\016\133\127\153\265\220\011\142\351}{subsection.3.2}% 14
\BOOKMARK [3][-]{subsubsection.3.2.2}{\376\377\133\214\145\164\140\047\150\300\147\345\116\016\177\072\131\061\120\074\131\004\164\006}{subsection.3.2}% 15
\BOOKMARK [3][-]{subsubsection.3.2.3}{\376\377\162\171\137\201\147\204\220\040}{subsection.3.2}% 16
\BOOKMARK [3][-]{subsubsection.3.2.4}{\376\377\131\032\120\074\145\207\147\054\134\125\137\000}{subsection.3.2}% 17
\BOOKMARK [2][-]{subsection.3.3}{\376\377\143\242\175\042\140\047\122\006\147\220\145\271\154\325}{section.3}% 18
\BOOKMARK [3][-]{subsubsection.3.3.1}{\376\377\143\317\217\360\140\047\176\337\213\241\116\016\122\006\176\304\200\132\124\010}{subsection.3.3}% 19
\BOOKMARK [3][-]{subsubsection.3.3.2}{\376\377\122\006\136\003\122\006\147\220}{subsection.3.3}% 20
\BOOKMARK [3][-]{subsubsection.3.3.3}{\376\377\172\172\225\364\122\006\147\220}{subsection.3.3}% 21
\BOOKMARK [3][-]{subsubsection.3.3.4}{\376\377\147\072\126\150\133\146\116\140\217\205\122\251\122\006\147\220}{subsection.3.3}% 22
\BOOKMARK [2][-]{subsection.3.4}{\376\377\123\357\211\306\123\026\213\276\213\241\116\016\133\236\163\260\145\271\154\325}{section.3}% 23
\BOOKMARK [1][-]{section.4}{\376\377\122\006\147\220\134\125\171\072}{}% 24
\BOOKMARK [2][-]{subsection.4.1}{\376\377\145\160\143\156\151\202\121\265\116\016\145\164\117\123\176\323\147\204}{section.4}% 25
\BOOKMARK [2][-]{subsection.4.2}{\376\377\136\002\127\072\176\306\122\006\116\016\213\304\122\006\135\356\137\002\122\006\147\220}{section.4}% 26
\BOOKMARK [2][-]{subsection.4.3}{\376\377\000E\000D\000A\000\040\116\244\116\222\165\114\227\142\122\006\147\220}{section.4}% 27
\BOOKMARK [2][-]{subsection.4.4}{\376\377\203\334\174\373\060\001\203\334\124\301\116\016\147\015\122\241\162\171\137\201\122\006\147\220}{section.4}% 28
\BOOKMARK [2][-]{subsection.4.5}{\376\377\000S\000e\000g\000m\000e\000n\000t\000\040\133\371\213\304\122\006\137\161\124\315\166\204\155\361\121\145\122\006\147\220}{section.4}% 29
\BOOKMARK [2][-]{subsection.4.6}{\376\377\123\072\127\337\172\172\225\364\122\006\136\003\116\016\147\072\117\032\213\306\122\053}{section.4}% 30
\BOOKMARK [2][-]{subsection.4.7}{\376\377\124\301\162\114\215\263\217\371\116\016\213\304\122\006\230\204\155\113\122\006\147\220}{section.4}% 31
\BOOKMARK [3][-]{subsubsection.4.7.1}{\376\377\152\041\127\213\133\371\153\324\116\016\220\011\142\351}{subsection.4.7}% 32
\BOOKMARK [3][-]{subsubsection.4.7.2}{\376\377\153\213\135\356\122\006\147\220\116\016\213\357\135\356\122\006\211\343}{subsection.4.7}% 33
\BOOKMARK [3][-]{subsubsection.4.7.3}{\376\377\162\171\137\201\221\315\211\201\140\047\116\016\123\357\211\343\221\312\140\047\122\006\147\220}{subsection.4.7}% 34
\BOOKMARK [1][-]{section.5}{\376\377\140\073\176\323}{}% 35
\BOOKMARK [2][-]{subsection.5.1}{\376\377\170\024\172\166\142\020\147\234\116\016\116\073\211\201\123\321\163\260}{section.5}% 36
\BOOKMARK [2][-]{subsection.5.2}{\376\377\213\376\172\013\167\345\213\306\160\271\217\320\165\050\145\110\147\234\122\006\147\220}{section.5}% 37
\BOOKMARK [2][-]{subsection.5.3}{\376\377\116\015\215\263\116\016\134\100\226\120\140\047}{section.5}% 38
\BOOKMARK [2][-]{subsection.5.4}{\376\377\124\016\176\355\117\030\123\026\145\271\124\021}{section.5}% 39
